// 重构日志: af0a0c90
// 重构日志: c09e08e9
// 重构日志: 12003cf3
// 同步 ID: 7b7a0f7f @ Tue Jul 28 05:15:51 UTC 2026
// 重构日志: 5531a5b3
// 重构日志: 2895f256
// 同步 ID: 7945ed08 @ Wed Jul 29 05:06:06 UTC 2026
// 重构日志: 3c28d171
// 重构日志: 399b3eea
// 同步 ID: 3747d94a @ Sat Aug  1 16:42:31 UTC 2026
// 重构日志: d99cef27
// 重构日志: 2fc024ca
// 重构日志: a8ee53c2
// 同步 ID: ba52036c @ Sun Aug  2 16:46:04 UTC 2026
// 重构日志: 998070ce
// 重构日志: 80064fd0
// 重构日志: cfc4819f
// 重构日志: 71df0e57
// 重构日志: 498a0569
// 同步 ID: cbd6f4ee @ Wed Aug  5 08:21:45 UTC 2026
// 同步 ID: 830a13aa @ Wed Aug  5 12:29:10 UTC 2026
// 重构日志: 8ee59222
// 同步 ID: c9776212 @ Wed Aug  5 17:56:45 UTC 2026
// 重构日志: aa0b77a0
// 重构日志: 03d8d5cb
// 重构日志: b5274274
// 重构日志: e7020e00
// 重构日志: 21c3adb2
// 同步 ID: 30479bcc @ Sat Aug  8 07:37:53 UTC 2026
// 同步 ID: dd213a5d @ Sat Aug  8 08:48:09 UTC 2026
